------------------------------------------------------------
TimeQuest Timing Analyzer Summary
------------------------------------------------------------

Type  : Slow 1200mV 85C Model Setup 'clock'
Slack : -14.907
TNS   : -5906.164

Type  : Slow 1200mV 85C Model Setup 'sha256_control_block:sha256_control_block_0|\next_state_logic_process:mem_sync_i[0]'
Slack : -5.483
TNS   : -130.232

Type  : Slow 1200mV 85C Model Hold 'sha256_control_block:sha256_control_block_0|\next_state_logic_process:mem_sync_i[0]'
Slack : -3.102
TNS   : -86.506

Type  : Slow 1200mV 85C Model Hold 'clock'
Slack : -0.623
TNS   : -59.616

Type  : Slow 1200mV 85C Model Recovery 'clock'
Slack : -1.529
TNS   : -124.528

Type  : Slow 1200mV 85C Model Removal 'clock'
Slack : 0.456
TNS   : 0.000

Type  : Slow 1200mV 85C Model Minimum Pulse Width 'clock'
Slack : -3.000
TNS   : -1438.960

Type  : Slow 1200mV 85C Model Minimum Pulse Width 'sha256_control_block:sha256_control_block_0|\next_state_logic_process:mem_sync_i[0]'
Slack : 0.432
TNS   : 0.000

Type  : Slow 1200mV 0C Model Setup 'clock'
Slack : -13.350
TNS   : -5164.243

Type  : Slow 1200mV 0C Model Setup 'sha256_control_block:sha256_control_block_0|\next_state_logic_process:mem_sync_i[0]'
Slack : -4.843
TNS   : -114.134

Type  : Slow 1200mV 0C Model Hold 'sha256_control_block:sha256_control_block_0|\next_state_logic_process:mem_sync_i[0]'
Slack : -2.748
TNS   : -76.184

Type  : Slow 1200mV 0C Model Hold 'clock'
Slack : -0.601
TNS   : -57.777

Type  : Slow 1200mV 0C Model Recovery 'clock'
Slack : -1.254
TNS   : -95.195

Type  : Slow 1200mV 0C Model Removal 'clock'
Slack : 0.386
TNS   : 0.000

Type  : Slow 1200mV 0C Model Minimum Pulse Width 'clock'
Slack : -3.000
TNS   : -1438.960

Type  : Slow 1200mV 0C Model Minimum Pulse Width 'sha256_control_block:sha256_control_block_0|\next_state_logic_process:mem_sync_i[0]'
Slack : 0.377
TNS   : 0.000

Type  : Fast 1200mV 0C Model Setup 'clock'
Slack : -7.773
TNS   : -2743.605

Type  : Fast 1200mV 0C Model Setup 'sha256_control_block:sha256_control_block_0|\next_state_logic_process:mem_sync_i[0]'
Slack : -2.711
TNS   : -60.947

Type  : Fast 1200mV 0C Model Hold 'sha256_control_block:sha256_control_block_0|\next_state_logic_process:mem_sync_i[0]'
Slack : -1.946
TNS   : -54.380

Type  : Fast 1200mV 0C Model Hold 'clock'
Slack : -0.460
TNS   : -46.311

Type  : Fast 1200mV 0C Model Recovery 'clock'
Slack : -0.468
TNS   : -18.374

Type  : Fast 1200mV 0C Model Removal 'clock'
Slack : 0.238
TNS   : 0.000

Type  : Fast 1200mV 0C Model Minimum Pulse Width 'clock'
Slack : -3.000
TNS   : -1411.907

Type  : Fast 1200mV 0C Model Minimum Pulse Width 'sha256_control_block:sha256_control_block_0|\next_state_logic_process:mem_sync_i[0]'
Slack : 0.423
TNS   : 0.000

------------------------------------------------------------
