------------------------------------------------------------
TimeQuest Timing Analyzer Summary
------------------------------------------------------------

Type  : Slow 1200mV 85C Model Setup 'clock'
Slack : -15.518
TNS   : -3738.608

Type  : Slow 1200mV 85C Model Hold 'clock'
Slack : 0.256
TNS   : 0.000

Type  : Slow 1200mV 85C Model Recovery 'clock'
Slack : -1.482
TNS   : -70.348

Type  : Slow 1200mV 85C Model Removal 'clock'
Slack : 0.472
TNS   : 0.000

Type  : Slow 1200mV 85C Model Minimum Pulse Width 'clock'
Slack : -3.000
TNS   : -1152.612

Type  : Slow 1200mV 0C Model Setup 'clock'
Slack : -13.813
TNS   : -3244.627

Type  : Slow 1200mV 0C Model Hold 'clock'
Slack : 0.226
TNS   : 0.000

Type  : Slow 1200mV 0C Model Recovery 'clock'
Slack : -1.213
TNS   : -50.153

Type  : Slow 1200mV 0C Model Removal 'clock'
Slack : 0.413
TNS   : 0.000

Type  : Slow 1200mV 0C Model Minimum Pulse Width 'clock'
Slack : -3.000
TNS   : -1152.612

Type  : Fast 1200mV 0C Model Setup 'clock'
Slack : -8.132
TNS   : -1641.807

Type  : Fast 1200mV 0C Model Hold 'clock'
Slack : 0.142
TNS   : 0.000

Type  : Fast 1200mV 0C Model Recovery 'clock'
Slack : -0.406
TNS   : -5.595

Type  : Fast 1200mV 0C Model Removal 'clock'
Slack : 0.273
TNS   : 0.000

Type  : Fast 1200mV 0C Model Minimum Pulse Width 'clock'
Slack : -3.000
TNS   : -1134.420

------------------------------------------------------------
